// Jest Snapshot v1, https://goo.gl/fbAQLP

exports[`Game container match snapshot 1`] = `
<div>
  [{"id":30,"gameId":14,"hostAction":"","guestAction":"","winnerNickname":"","winnerAction":"","guestNickname":"I_am_guest","hostNickname":"I_am_host"},{"id":29,"gameId":14,"hostAction":"rock","guestAction":"scissors","winnerNickname":"I_am_host","winnerAction":"rock","guestNickname":"I_am_guest","hostNickname":"I_am_host"},{"id":28,"gameId":14,"hostAction":"paper","guestAction":"paper","winnerNickname":"draw","winnerAction":"draw","guestNickname":"I_am_guest","hostNickname":"I_am_host"}]
  <div
    class="player-screen"
    data-testid="player-screen"
  >
    <h1
      class="player-screen--game-id"
    >
      Game ID: 
      14
       | Rounds: 
      4
    </h1>
    <div
      class="player-actions"
      data-testid="player-actions"
    >
      <div
        class="player-actions--action-wrp"
        data-testid="action-rock"
      >
        <img
          alt="rock"
          src="rock.jpg"
        />
        <span
          class="player-actions--action-label"
        >
          rock
        </span>
      </div>
      <div
        class="player-actions--action-wrp"
        data-testid="action-paper"
      >
        <img
          alt="paper"
          src="paper.jpg"
        />
        <span
          class="player-actions--action-label"
        >
          paper
        </span>
      </div>
      <div
        class="player-actions--action-wrp"
        data-testid="action-scissors"
      >
        <img
          alt="scissors"
          src="scissors.jpg"
        />
        <span
          class="player-actions--action-label"
        >
          scissors
        </span>
      </div>
    </div>
    <hr
      class="player-screen--divider"
    />
    <h3>
      Rounds:
    </h3>
    <table
      border="1"
      width="100%"
    >
      <thead>
        <tr>
          <th>
            Round
          </th>
          <th>
            I_am_host
          </th>
          <th>
            I_am_guest
          </th>
          <th>
            Winner
          </th>
        </tr>
      </thead>
      <tbody>
        <tr>
          <td>
            1
          </td>
          <td>
            paper
          </td>
          <td>
            paper
          </td>
          <td>
            draw
          </td>
        </tr>
        <tr>
          <td>
            2
          </td>
          <td>
            rock
          </td>
          <td>
            scissors
          </td>
          <td>
            I_am_host
          </td>
        </tr>
      </tbody>
    </table>
  </div>
</div>
`;
