// Jest Snapshot v1, https://goo.gl/fbAQLP

exports[`Home container match snapshot 1`] = `
<div>
  <div
    class="home"
  >
    <h1>
      Rock, Paper & Scissors
    </h1>
    <div
      class="home--btns-wrp"
    >
      <button
        class="game-button game-button--full-width"
        data-testid="btn-start-game"
      >
        Start Game
      </button>
      <div
        class="home--or-label"
      >
        or
      </div>
      <button
        class="game-button game-button--full-width"
        data-testid="btn-join-game"
      >
        Join a game
      </button>
      <div
        class="home--or-label"
      >
        or
      </div>
      <button
        class="game-button game-button--full-width"
      >
        See started games
      </button>
    </div>
  </div>
</div>
`;
